[0m[0K]0;:/c/Users/user/Documents/Blog[?25l
[0;32muser@DESKTOP-0BRBO9T [0;35m [0;33m~/Documents/Blog[0m[0K
$[0K[3G[?25h[?25l$ g[0K[?25hi[0Kt[0K[7G[?25l$ git s[0K[?25hu[0Kb[0Ko[0K[?25l$ git sub[0K[?25h[?25lmo[0K[11G[?25h[12G[?25l$ git submod[0K[?25hu[0Kl[0Ke[0K[17G[?25l$ git submodule a[0K[?25hd[0Kd[0K[21G[?25l$ git submodule add h[0K[?25ht[0Kt[0Kp[0Ks[0K:[0K[28G[27G[?25l$ git submodule add https[0K[?25h[?25l$ git submodule add http[0K[?25h[?25l$ git submodule add htt[0K[?25h[?25l$ git submodule add ht[0K[?25h[?25l$ git submodule add h[0K[?25h[?25l$ git submodule add[0K[21G[?25h[20G[21G[?25l$ git submodule add https://github.com/tomanistor/osprey.git themes/osprey[0K[?25h[?25l$ git submodule add https://github.com/tomanistor/osprey.git themes/ospre[0K[?25h[?25l$ git submodule add https://github.com/tomanistor/osprey.git themes/ospr[0K[?25h[?25l$ git submodule add https://github.com/tomanistor/osprey.git themes/osp[0K[?25h[?25l$ git submodule add https://github.com/tomanistor/osprey.git themes/os[0K[?25h[?25l$ git submodule add https://github.com/tomanistor/osprey.git themes/o[0K[?25h[?25l$ git submodule add https://github.com/tomanistor/osprey.git themes/[0K[?25hh[0Ku[0Kg[0Ko[0K-[0Kf[0Ku[0K[?25lt[0K[76G[?25h[77G[?25l$ git submodule add https://github.com/tomanistor/osprey.git themes/hugo-futu[0K[?25hr[0Ke[0K-[0Ki[0Km[0Kp[0Ke[0Kr[0Kf[0Ke[0Kc[0Kt[0K[89G[88G[87G[86G[85G[84G[83G[82G[81G[80G[79G[78G[77G[76G[75G[74G[73G[72G[71G[70G[69G[68G[67G[66G[65G[64G[63G[62G[61G[60G[?25l$ git submodule add https://github.com/tomanistor/osprey.gt themes/hugo-future-imperfect[0K[59G[?25h[?25l$ git submodule add https://github.com/tomanistor/osprey.t themes/hugo-future-imperfect[0K[58G[?25h[?25l$ git submodule add https://github.com/tomanistor/ospreyt themes/hugo-future-imperfect[0K[58G[?25h[57G[?25l$ git submodule add https://github.com/tomanistor/ospret themes/hugo-future-imperfect[0K[57G[?25h[56G[?25l$ git submodule add https://github.com/tomanistor/osprt themes/hugo-future-imperfect[0K[55G[?25h[?25l$ git submodule add https://github.com/tomanistor/ospt themes/hugo-future-imperfect[0K[54G[?25h[?25l$ git submodule add https://github.com/tomanistor/ost themes/hugo-future-imperfect[0K[53G[?25h[?25l$ git submodule add https://github.com/tomanistor/ot themes/hugo-future-imperfect[0K[52G[?25h[?25l$ git submodule add https://github.com/tomanistor/t themes/hugo-future-imperfect[0K[51G[?25h[?25l$ git submodule add https://github.com/tomanistort themes/hugo-future-imperfect[0K[50G[?25h[?25l$ git submodule add https://github.com/tomanistot themes/hugo-future-imperfect[0K[50G[?25h[?25l$ git submodule add https://github.com/tomanistt themes/hugo-future-imperfect[0K[48G[?25h[?25l$ git submodule add https://github.com/tomanist themes/hugo-future-imperfect[0K[47G[?25h[?25l$ git submodule add https://github.com/tomanit themes/hugo-future-imperfect[0K[46G[?25h[?25l$ git submodule add https://github.com/tomant themes/hugo-future-imperfect[0K[45G[?25h[?25l$ git submodule add https://github.com/tomat themes/hugo-future-imperfect[0K[44G[?25h[?25l$ git submodule add https://github.com/tot themes/hugo-future-imperfect[0K[43G[?25h[42G[?25l$ git submodule add https://github.com/tt themes/hugo-future-imperfect[0K[41G[?25h[?25l$ git submodule add https://github.com/t themes/hugo-future-imperfect[0K[40G[?25h[?25l$ git submodule add https://github.comt themes/hugo-future-imperfect[0K[39G[?25h[40G[?25l$ git submodule add https://github.com themes/hugo-future-imperfect[0K[39G[?25h[?25l$ git submodule add https://github.com/ themes/hugo-future-imperfect[0K[40G[?25h[?25l$ git submodule add https://github.com/j themes/hugo-future-imperfect[0K[41G[?25h[?25l$ git submodule add https://github.com/jp themes/hugo-future-imperfect[0K[42G[?25h[?25l$ git submodule add https://github.com/jpe themes/hugo-future-imperfect[0K[43G[?25h[?25l$ git submodule add https://github.com/jpes themes/hugo-future-imperfect[0K[44G[?25h[?25l$ git submodule add https://github.com/jpesc themes/hugo-future-imperfect[0K[45G[?25h[?25l$ git submodule add https://github.com/jpesca themes/hugo-future-imperfect[0K[46G[?25h[?25l$ git submodule add https://github.com/jpescad themes/hugo-future-imperfect[0K[47G[?25h[?25l$ git submodule add https://github.com/jpescado themes/hugo-future-imperfect[0K[48G[?25h[?25l$ git submodule add https://github.com/jpescador themes/hugo-future-imperfect[0K[49G[?25h[?25l$ git submodule add https://github.com/jpescador/ themes/hugo-future-imperfect[0K[50G[?25h[?25l$ git submodule add https://github.com/jpescador//hugo-future-imperfect themes/hugo-future-imperfect[0K[72G[?25h[71G[70G[69G[68G[67G[66G[65G[64G[63G[62G[61G[60G[59G[58G[57G[56G[55G[54G[53G[51G[50G[?25l$ git submodule add https://github.com/jpescador/hugo-future-imperfect themes/hugo-future-imperfect[0K[49G[?25h[50G[51G[52G[53G[54G[55G[56G[57G[59G[60G[61G[62G[63G[64G[65G[66G[67G[68G[69G[70G[71G[72G[73G[74G[75G[76G[77G[78G[79G[80G[81G[82G[83G[84G[85G[86G[87G[88G[89G[90G[91G[92G[93G[94G[95G[96G[97G[98G[99G[100G[?25l
[0K[?25hfatal: Not a git repository (or any of the parent directories): .git[0K[?25l
[0K[?25h[?25l
[0;32muser@DESKTOP-0BRBO9T [0;35m [0;33m~/Documents/Blog[0m[0K
$[0K[3G[?25h[?25l$ git submodule add https://github.com/jpescador/hugo-future-imperfect themes/hugo-future-imperfect[0K[?25h[99G[98G[97G[96G[95G[94G[93G[92G[91G[90G[89G[88G[87G[86G[85G[84G[83G[82G[81G[80G[79G[78G[77G[76G[75G[74G[73G[72G[71G[70G[69G[70G[71G[?25l$ git submodule add https://github.com/jpescador/hugo-future-imperfect. themes/hugo-future-imperfect[0K[72G[?25h[?25l$ git submodule add https://github.com/jpescador/hugo-future-imperfect.g themes/hugo-future-imperfect[0K[73G[?25h[?25l$ git submodule add https://github.com/jpescador/hugo-future-imperfect.gi themes/hugo-future-imperfect[0K[74G[?25h[?25l$ git submodule add https://github.com/jpescador/hugo-future-imperfect.git themes/hugo-future-imperfect[0K[75G[?25h[76G[77G[78G[79G[80G[81G[82G[83G[84G[85G[86G[87G[88G[89G[90G[92G[93G[94G[95G[96G[97G[98G[99G[100G[101G[102G[103G[104G[?25l
[0K[?25hfatal: Not a git repository (or any of the parent directories): .git[0K[?25l
[0K[?25h[?25l
[0;32muser@DESKTOP-0BRBO9T [0;35m [0;33m~/Documents/Blog[0m[0K
$[0K[3G[?25h[?25l$ git submodule add https://github.com/jpescador/hugo-future-imperfect.git themes/hugo-future-imperfect[0K[?25h[103G[102G[101G[100G[99G[98G[97G[96G[95G[94G[93G[92G[91G[90G[89G[88G[87G[86G[85G[83G[82G[81G[80G[79G[78G[77G[76G[75G[74G[73G[72G[71G[70G[69G[68G[67G[66G[65G[64G[63G[62G[61G[60G[59G[58G[57G[56G[55G[54G[53G[52G[51G[50G[49G[48G[47G[48G[49G[?25l$ git submodule add https://github.com/jpescado/hugo-future-imperfect.git themes/hugo-future-imperfect[0K[49G[?25h[48G[?25l$ git submodule add https://github.com/jpescador/hugo-future-imperfect.git themes/hugo-future-imperfect[0K[49G[?25h[50G[51G[52G[53G[54G[55G[56G[57G[58G[59G[60G[62G[63G[64G[65G[66G[3G[?25l$ 2~git submodule add https://github.com/jpescador/hugo-future-imperfect.git themes/hugo-future-imperfect[0K[5G[?25h[?25l$ 2git submodule add https://github.com/jpescador/hugo-future-imperfect.git themes/hugo-future-imperfect[0K[4G[?25h[?25l$ git submodule add https://github.com/jpescador/hugo-future-imperfect.git themes/hugo-future-imperfect[0K[3G[?25h[?25l$ it submodule add https://github.com/jpescador/hugo-future-imperfect.git themes/hugo-future-imperfect[0K[3G[?25h[?25l$ t submodule add https://github.com/jpescador/hugo-future-imperfect.git themes/hugo-future-imperfect[0K[3G[?25h[?25l$  submodule add https://github.com/jpescador/hugo-future-imperfect.git themes/hugo-future-imperfect[0K[3G[?25h[?25l$ submodule add https://github.com/jpescador/hugo-future-imperfect.git themes/hugo-future-imperfect[0K[3G[?25h[?25l$ ubmodule add https://github.com/jpescador/hugo-future-imperfect.git themes/hugo-future-imperfect[0K[3G[?25h[?25l$ bmodule add https://github.com/jpescador/hugo-future-imperfect.git themes/hugo-future-imperfect[0K[3G[?25h[?25l$ module add https://github.com/jpescador/hugo-future-imperfect.git themes/hugo-future-imperfect[0K[3G[?25h[?25l$ odule add https://github.com/jpescador/hugo-future-imperfect.git themes/hugo-future-imperfect[0K[3G[?25h[?25l$ dule add https://github.com/jpescador/hugo-future-imperfect.git themes/hugo-future-imperfect[0K[3G[?25h[?25l$ ule add https://github.com/jpescador/hugo-future-imperfect.git themes/hugo-future-imperfect[0K[3G[?25h[?25l$ e add https://github.com/jpescador/hugo-future-imperfect.git themes/hugo-future-imperfect[0K[3G[?25h[?25l$  add https://github.com/jpescador/hugo-future-imperfect.git themes/hugo-future-imperfect[0K[3G[?25h[?25l$ add https://github.com/jpescador/hugo-future-imperfect.git themes/hugo-future-imperfect[0K[3G[?25h[?25l$ dd https://github.com/jpescador/hugo-future-imperfect.git themes/hugo-future-imperfect[0K[3G[?25h[?25l$ d https://github.com/jpescador/hugo-future-imperfect.git themes/hugo-future-imperfect[0K[3G[?25h[?25l$  https://github.com/jpescador/hugo-future-imperfect.git themes/hugo-future-imperfect[0K[3G[?25h[?25l$ https://github.com/jpescador/hugo-future-imperfect.git themes/hugo-future-imperfect[0K[3G[?25h[?25l$ ttps://github.com/jpescador/hugo-future-imperfect.git themes/hugo-future-imperfect[0K[3G[?25h[?25l$ ps://github.com/jpescador/hugo-future-imperfect.git themes/hugo-future-imperfect[0K[3G[?25h[?25l$ s://github.com/jpescador/hugo-future-imperfect.git themes/hugo-future-imperfect[0K[3G[?25h[?25l$ //github.com/jpescador/hugo-future-imperfect.git themes/hugo-future-imperfect[0K[3G[?25h[?25l$ /github.com/jpescador/hugo-future-imperfect.git themes/hugo-future-imperfect[0K[3G[?25h[?25l$ github.com/jpescador/hugo-future-imperfect.git themes/hugo-future-imperfect[0K[3G[?25h[?25l$ ithub.com/jpescador/hugo-future-imperfect.git themes/hugo-future-imperfect[0K[3G[?25h[?25l$ thub.com/jpescador/hugo-future-imperfect.git themes/hugo-future-imperfect[0K[3G[?25h[?25l$ hub.com/jpescador/hugo-future-imperfect.git themes/hugo-future-imperfect[0K[3G[?25h[?25l$ ub.com/jpescador/hugo-future-imperfect.git themes/hugo-future-imperfect[0K[3G[?25h[?25l$ b.com/jpescador/hugo-future-imperfect.git themes/hugo-future-imperfect[0K[3G[?25h[?25l$ .com/jpescador/hugo-future-imperfect.git themes/hugo-future-imperfect[0K[3G[?25h[?25l$ com/jpescador/hugo-future-imperfect.git themes/hugo-future-imperfect[0K[3G[?25h[?25l$ om/jpescador/hugo-future-imperfect.git themes/hugo-future-imperfect[0K[3G[?25h[?25l$ m/jpescador/hugo-future-imperfect.git themes/hugo-future-imperfect[0K[3G[?25h[?25l$ /jpescador/hugo-future-imperfect.git themes/hugo-future-imperfect[0K[3G[?25h[?25l$ jpescador/hugo-future-imperfect.git themes/hugo-future-imperfect[0K[3G[?25h[?25l$ pescador/hugo-future-imperfect.git themes/hugo-future-imperfect[0K[3G[?25h[?25l$ scador/hugo-future-imperfect.git themes/hugo-future-imperfect[0K[3G[?25h[?25l$ cador/hugo-future-imperfect.git themes/hugo-future-imperfect[0K[3G[?25h[?25l$ ador/hugo-future-imperfect.git themes/hugo-future-imperfect[0K[3G[?25h[?25l$ dor/hugo-future-imperfect.git themes/hugo-future-imperfect[0K[3G[?25h[?25l$ or/hugo-future-imperfect.git themes/hugo-future-imperfect[0K[3G[?25h[?25l$ r/hugo-future-imperfect.git themes/hugo-future-imperfect[0K[3G[?25h[?25l$ /hugo-future-imperfect.git themes/hugo-future-imperfect[0K[3G[?25h[?25l$ hugo-future-imperfect.git themes/hugo-future-imperfect[0K[3G[?25h[?25l$ ugo-future-imperfect.git themes/hugo-future-imperfect[0K[3G[?25h[?25l$ go-future-imperfect.git themes/hugo-future-imperfect[0K[3G[?25h[?25l$ o-future-imperfect.git themes/hugo-future-imperfect[0K[3G[?25h[?25l$ -future-imperfect.git themes/hugo-future-imperfect[0K[3G[?25h[?25l$ future-imperfect.git themes/hugo-future-imperfect[0K[3G[?25h[?25l$ uture-imperfect.git themes/hugo-future-imperfect[0K[3G[?25h[?25l$ ture-imperfect.git themes/hugo-future-imperfect[0K[3G[?25h[?25l$ ure-imperfect.git themes/hugo-future-imperfect[0K[3G[?25h[?25l$ re-imperfect.git themes/hugo-future-imperfect[0K[3G[?25h[?25l$ e-imperfect.git themes/hugo-future-imperfect[0K[3G[?25h[?25l$ -imperfect.git themes/hugo-future-imperfect[0K[3G[?25h[?25l$ imperfect.git themes/hugo-future-imperfect[0K[3G[?25h[?25l$ mperfect.git themes/hugo-future-imperfect[0K[3G[?25h[?25l$ perfect.git themes/hugo-future-imperfect[0K[3G[?25h[?25l$ erfect.git themes/hugo-future-imperfect[0K[3G[?25h[?25l$ rfect.git themes/hugo-future-imperfect[0K[3G[?25h[?25l$ fect.git themes/hugo-future-imperfect[0K[3G[?25h[?25l$ ect.git themes/hugo-future-imperfect[0K[3G[?25h[?25l$ ct.git themes/hugo-future-imperfect[0K[3G[?25h[?25l$ t.git themes/hugo-future-imperfect[0K[3G[?25h[?25l$ .git themes/hugo-future-imperfect[0K[3G[?25h[?25l$ git themes/hugo-future-imperfect[0K[3G[?25h[?25l$ it themes/hugo-future-imperfect[0K[3G[?25h[?25l$ t themes/hugo-future-imperfect[0K[3G[?25h[?25l$  themes/hugo-future-imperfect[0K[3G[?25h[?25l$ themes/hugo-future-imperfect[0K[3G[?25h[?25l$ hemes/hugo-future-imperfect[0K[3G[?25h[?25l$ emes/hugo-future-imperfect[0K[3G[?25h[?25l$ mes/hugo-future-imperfect[0K[3G[?25h[?25l$ es/hugo-future-imperfect[0K[3G[?25h[?25l$ s/hugo-future-imperfect[0K[3G[?25h[?25l$ /hugo-future-imperfect[0K[3G[?25h[?25l$ hugo-future-imperfect[0K[3G[?25h[?25l$ ugo-future-imperfect[0K[3G[?25h[?25l$ go-future-imperfect[0K[3G[?25h[?25l$ o-future-imperfect[0K[3G[?25h[?25l$ -future-imperfect[0K[3G[?25h[?25l$ future-imperfect[0K[3G[?25h[?25l$ uture-imperfect[0K[3G[?25h[?25l$ ture-imperfect[0K[3G[?25h[?25l$ ure-imperfect[0K[3G[?25h[?25l$ re-imperfect[0K[3G[?25h[?25l$ e-imperfect[0K[3G[?25h[?25l$ -imperfect[0K[3G[?25h[?25l$ imperfect[0K[3G[?25h[?25l$ mperfect[0K[3G[?25h[?25l$ perfect[0K[3G[?25h[?25l$ erfect[0K[3G[?25h[?25l$ rfect[0K[3G[?25h[?25l$ fect[0K[3G[?25h[?25l$ ect[0K[3G[?25h[?25l$ ct[0K[3G[?25h[?25l$ t[0K[3G[?25h[?25l$[0K[3G[?25h[?25l$ g[0K[?25hi[0Kt[0K[7G[?25l$ git s[0K[?25hu[0Kb[0Km[0Ko[0Kd[0Ku[0Kl[0Ke[0K[17G[?25l$ git submodule a[0K[?25hd[0Kd[0K[21G[?25l$ git submodule add h[0K[?25ht[0Kt[0K[?25l$ git submodule add ht[0K[24G[?25h[23G[?25l$ git submodule add h[0K[?25h[?25l$ git submodule add[0K[21G[?25h[?25l$ git submodule add https://github.com/jpescador/hugo-future-imperfect[0K[?25h[72G[?25l$ git submodule add https://github.com/jpescador/hugo-future-imperfect t[0K[?25hh[0Ke[0Km[0Ke[0Ks[0K/[0Kh[0Ku[0Kg[0K[?25lo[0K[82G[?25h[83G[?25l$ git submodule add https://github.com/jpescador/hugo-future-imperfect themes/hug[0K[?25h[?25l$ git submodule add https://github.com/jpescador/hugo-future-imperfect themes/hu[0K[?25h[?25l$ git submodule add https://github.com/jpescador/hugo-future-imperfect themes/h[0K[81G[?25h[?25l$ git submodule add https://github.com/jpescador/hugo-future-imperfect themes/[0K[80G[?25h[?25l$ git submodule add https://github.com/jpescador/hugo-future-imperfect themes[0K[?25h[?25l$ git submodule add https://github.com/jpescador/hugo-future-imperfect theme[0K[?25h[?25l$ git submodule add https://github.com/jpescador/hugo-future-imperfect them[0K[?25h[?25l$ git submodule add https://github.com/jpescador/hugo-future-imperfect the[0K[?25h[?25l$ git submodule add https://github.com/jpescador/hugo-future-imperfect th[0K[?25h[?25l$ git submodule add https://github.com/jpescador/hugo-future-imperfect t[0K[?25h[?25l$ git submodule add https://github.com/jpescador/hugo-future-imperfect[0K[72G[?25h[71G[?25l$ git submodule add https://github.com/jpescador/hugo-future-imperfec[0K[?25ht[0K.[0Kg[0Ki[0Kt[0K[76G[?25l$ git submodule add https://github.com/jpescador/hugo-future-imperfect.git t[0K[?25hh[0Ke[0K[?25lm[0K[79G[?25h[80G[?25l$ git submodule add https://github.com/jpescador/hugo-future-imperfect.git theme[0K[?25hs[0K[83G[82G[?25l$ git submodule add https://github.com/jpescador/hugo-future-imperfect.git themes/[0K[?25hh[0Ku[0Kg[0Ko[0K-[0Kf[0Ku[0Kt[0Ku[0Kr[0Ke[0K-[0Ki[0Km[0Kp[0Ke[0Kr[0Kf[0Ke[0Kc[0Kt[0K[?25l
[0K[?25hfatal: Not a git repository (or any of the parent directories): .git[0K[?25l
[0K[?25h[?25l
[0;32muser@DESKTOP-0BRBO9T [0;35m [0;33m~/Documents/Blog[0m[0K
$[0K[3G[?25h[?25l$ git submodule add https://github.com/jpescador/hugo-future-imperfect.git themes/hugo-future-imperfect[0K[?25h[?25l
[0K[?25hfatal: Not a git repository (or any of the parent directories): .git[0K[?25l
[0K[?25h[?25l
[0;32muser@DESKTOP-0BRBO9T [0;35m [0;33m~/Documents/Blog[0m[0K
$[0K[3G[?25h[?25l$ git submodule add https://github.com/jpescador/hugo-future-imperfect.git themes/hugo-future-imperfect[0K[?25h[103G[102G[100G[99G[98G[97G[96G[95G[94G[93G[92G[91G[90G[89G[88G[87G[86G[85G[84G[83G[81G[80G[79G[78G[77G[76G[75G[74G[75G[?25l$ git submodule add https://github.com/jpescador/hugo-future-imperfect.gi themes/hugo-future-imperfect[0K[74G[?25h[?25l$ git submodule add https://github.com/jpescador/hugo-future-imperfect.g themes/hugo-future-imperfect[0K[73G[?25h[?25l$ git submodule add https://github.com/jpescador/hugo-future-imperfect. themes/hugo-future-imperfect[0K[72G[?25h[?25l$ git submodule add https://github.com/jpescador/hugo-future-imperfect themes/hugo-future-imperfect[0K[71G[?25h[?25l
[0K[?25hfatal: Not a git repository (or any of the parent directories): .git[0K[?25l
[0K[?25h[?25l
[0;32muser@DESKTOP-0BRBO9T [0;35m [0;33m~/Documents/Blog[0m[0K
$[0K[3G[?25h[?25l$ git submodule add https://github.com/calintat/minimal.git themes/minimal[0K[?25h[?25l
[0K[?25hfatal: Not a git repository (or any of the parent directories): .git[0K[?25l
[0K[?25h[?25l
[0;32muser@DESKTOP-0BRBO9T [0;35m [0;33m~/Documents/Blog[0m[0K
$[0K[3G[?25h[?25l$ g[0K[?25hi[0Kt[0K[7G[?25l$ git i[0K[?25hn[0Ki[0Kt[0K[?25l
[0K[?25hInitialized empty Git repository in C:/Users/user/Documents/Blog/.git/[0K[?25l
[0K[?25h[?25l
[0;32muser@DESKTOP-0BRBO9T [0;35m [0;33m~/Documents/Blog[0;36m (master)[0m[0K
$[0K[3G[?25h[?25l$ g[0K[?25hi[0Kt[0K[7G[?25l$ git a[0K[7G[?25h[8G[?25l$ git ad[0K[?25hd[0K[11G[?25l$ git add .[0K[?25h[?25l
[0K[?25hwarning: LF will be replaced by CRLF in .Rproj.user/99627C60/sources/prop/91F8F54D.[0K[?25l
The file will have its original line endings in your working directory.[0K
[0K[?25hwarning: LF will be replaced by CRLF in .Rproj.user/99627C60/sources/prop/INDEX.[0K[?25l
The file will have its original line endings in your working directory.[0K
warning: LF will be replaced by CRLF in .Rproj.user/99627C60/sources/s-BD003BE2/2F560EA3.[0K
The file will have its original line endings in your working directory.[0K
[0K[?25hwarning: LF will be replaced by CRLF in .Rproj.user/99627C60/sources/s-BD003BE2/2F560EA3-contents.[0K[?25l
The file will have its original line endings in your working directory.[0K
[0K[?25hwarning: LF will be replaced by CRLF in .Rproj.user/shared/notebooks/paths.[0K[?25l
The file will have its original line endings in your working directory.[0K
[0K[?25h[?25lwarning: LF will be replaced by CRLF in content/about.md.[0K[52G[?25h[?25l
The file will have its original line endings in your working directory.[0K
[0K[?25hwarning: LF will be replaced by CRLF in content/post/2015-01-01-lorem-ipsum.md.[0K[?25l
The file will have its original line endings in your working directory.[0K
[0K[?25hwarning: LF will be replaced by CRLF in content/post/2015-07-23-r-rmarkdown.Rmd.[0K[?25l
The file will have its original line endings in your working directory.[0K
[0K[?25hwarning: LF will be replaced by CRLF in content/post/2016-12-30-hello-markdown.md.[0K[?25l
The file will have its original line endings in your working directory.[0K
[0K[?25hwarning: LF will be replaced by CRLF in public/2015/01/01/lorem-ipsum/index.html.[0K[?25l
The file will have its original line endings in your working directory.[0K
[0K[?25hwarning: LF will be replaced by CRLF in public/2015/07/23/hello-r-markdown/index.html.[0K[?25l
The file will have its original line endings in your working directory.[0K
[0K[?25hwarning: LF will be replaced by CRLF in public/2016/12/30/a-plain-markdown-post/index.html.[0K[?25l
The file will have its original line endings in your working directory.[0K
[0K[?25hwarning: LF will be replaced by CRLF in public/about/index.html.[0K[?25l
The file will have its original line endings in your working directory.[0K
[0K[?25hwarning: LF will be replaced by CRLF in public/categories/index.html.[0K[?25l
The file will have its original line endings in your working directory.[0K
[0K[?25hwarning: LF will be replaced by CRLF in public/categories/index.xml.[0K[?25l
The file will have its original line endings in your working directory.[0K
[0K[?25hwarning: LF will be replaced by CRLF in public/categories/r/index.html.[0K[?25l
The file will have its original line endings in your working directory.[0K
[0K[?25hwarning: LF will be replaced by CRLF in public/css/fonts.css.[0K[?25l
The file will have its original line endings in your working directory.[0K
[0K[?25hwarning: LF will be replaced by CRLF in public/css/main.css.[0K[?25l
The file will have its original line endings in your working directory.[0K
[0K[?25hwarning: LF will be replaced by CRLF in public/index.html.[0K[?25l
The file will have its original line endings in your working directory.[0K
[0K[?25hwarning: LF will be replaced by CRLF in public/js/math-code.js.[0K[?25l
The file will have its original line endings in your working directory.[0K
[0K[?25hwarning: LF will be replaced by CRLF in public/post/index.html.[0K[?25l
The file will have its original line endings in your working directory.[0K
[0K[?25hwarning: LF will be replaced by CRLF in public/sitemap.xml.[0K[?25l
The file will have its original line endings in your working directory.[0K
[0K[?25hwarning: LF will be replaced by CRLF in public/tags/index.html.[0K[?25l
The file will have its original line endings in your working directory.[0K
[0K[?25hwarning: LF will be replaced by CRLF in public/tags/index.xml.[0K[?25l
The file will have its original line endings in your working directory.[0K
[0K[?25hwarning: LF will be replaced by CRLF in public/tags/plot/index.html.[0K[?25l
The file will have its original line endings in your working directory.[0K
[0K[?25hwarning: LF will be replaced by CRLF in public/tags/r-markdown/index.html.[0K[?25l
The file will have its original line endings in your working directory.[0K
[0K[?25hwarning: LF will be replaced by CRLF in public/tags/regression/index.html.[0K[?25l
The file will have its original line endings in your working directory.[0K
[0K[?25hwarning: LF will be replaced by CRLF in themes/hugo-lithium-theme/.gitignore.[0K[?25l
The file will have its original line endings in your working directory.[0K
warning: LF will be replaced by CRLF in themes/hugo-lithium-theme/LICENSE.md.[0K
The file will have its original line endings in your working directory.[0K
[0K[?25hwarning: LF will be replaced by CRLF in themes/hugo-lithium-theme/README.md.[0K[?25l
The file will have its original line endings in your working directory.[0K
[0K[?25hwarning: LF will be replaced by CRLF in themes/hugo-lithium-theme/archetypes/default.md.[0K[?25l
The file will have its original line endings in your working directory.[0K
[0K[?25hwarning: LF will be replaced by CRLF in themes/hugo-lithium-theme/exampleSite/config.toml.[0K[?25l
The file will have its original line endings in your working directory.[0K
warning: LF will be replaced by CRLF in themes/hugo-lithium-theme/exampleSite/content/about.md.[0K
The file will have its original line endings in your working directory.[0K
warning: LF will be replaced by CRLF in themes/hugo-lithium-theme/exampleSite/content/post/2015-01-01-lorem-ipsum.md.[0K
The file will have its original line endings in your working directory.[0K
warning: LF will be replaced by CRLF in themes/hugo-lithium-theme/exampleSite/content/post/2016-12-30-hello-markdown.md.[0K
The file will have its original line endings in your working directory.[0K
warning: LF will be replaced by CRLF in themes/hugo-lithium-theme/hugo-lithium-theme.Rproj.[0K
The file will have its original line endings in your working directory.[0K
[0K[?25hwarning: LF will be replaced by CRLF in themes/hugo-lithium-theme/layouts/_default/list.html.[0K[?25l
The file will have its original line endings in your working directory.[0K
[0K[?25hwarning: LF will be replaced by CRLF in themes/hugo-lithium-theme/layouts/_default/single.html.[0K[?25l
The file will have its original line endings in your working directory.[0K
[0K[?25hwarning: LF will be replaced by CRLF in themes/hugo-lithium-theme/layouts/partials/disqus.html.[0K[?25l
The file will have its original line endings in your working directory.[0K
[0K[?25hwarning: LF will be replaced by CRLF in themes/hugo-lithium-theme/layouts/partials/footer.html.[0K[?25l
The file will have its original line endings in your working directory.[0K
[0K[?25hwarning: LF will be replaced by CRLF in themes/hugo-lithium-theme/layouts/partials/footer_highlightjs.html.[0K[?25l
The file will have its original line endings in your working directory.[0K
warning: LF will be replaced by CRLF in themes/hugo-lithium-theme/layouts/partials/footer_mathjax.html.[0K
The file will have its original line endings in your working directory.[0K
[0K[?25hwarning: LF will be replaced by CRLF in themes/hugo-lithium-theme/layouts/partials/head.html.[0K[?25l
The file will have its original line endings in your working directory.[0K
[0K[?25hwarning: LF will be replaced by CRLF in themes/hugo-lithium-theme/layouts/partials/head_highlightjs.html.[0K[?25l
The file will have its original line endings in your working directory.[0K
[0K[?25hwarning: LF will be replaced by CRLF in themes/hugo-lithium-theme/layouts/partials/header.html.[0K[?25l
The file will have its original line endings in your working directory.[0K
[0K[?25hwarning: LF will be replaced by CRLF in themes/hugo-lithium-theme/layouts/partials/nav.html.[0K[?25l
The file will have its original line endings in your working directory.[0K
[0K[?25hwarning: LF will be replaced by CRLF in themes/hugo-lithium-theme/static/css/fonts.css.[0K[?25l
The file will have its original line endings in your working directory.[0K
warning: LF will be replaced by CRLF in themes/hugo-lithium-theme/static/css/main.css.[0K
The file will have its original line endings in your working directory.[0K
warning: LF will be replaced by CRLF in themes/hugo-lithium-theme/static/js/math-code.js.[0K
The file will have its original line endings in your working directory.[0K
[0K[?25h[?25l
[0;32muser@DESKTOP-0BRBO9T [0;35m [0;33m~/Documents/Blog[0;36m (master)[0m[0K
$[0K[3G[?25h[?25l$ g[0K[?25hi[0Kt[0K[7G[?25l$ git r[0K[?25h[?25le[0K[8G[?25h[9G[?25l$ git rem[0K[?25ho[0Kt[0Ke[0K[14G[?25l$ git remote a[0K[?25hd[0Kd[0K[18G[?25l$ git remote add o[0K[?25hr[0Ki[0Kg[0Ki[0Kn[0K[25G[?25l$ git remote add origin https://github.com/laziob/blog.git[0K[?25h[?25l
[0K[?25h[?25l
[0;32muser@DESKTOP-0BRBO9T [0;35m [0;33m~/Documents/Blog[0;36m (master)[0m[0K
$[0K[3G[?25h[?25l$ g[0K[?25hi[0Kt[0K[7G[?25l$ git s[0K[?25ht[0K[?25la[0K[9G[?25h[10G[?25l$ git stat[0K[?25hu[0Ks[0K[?25l
[0K[?25hOn branch master[0K[?25l
[0K
No commits yet[0K
[0K
Changes to be committed:[0K
  (use "git rm --cached <file>..." to unstage)[0K
[0K
        [0;32mnew file:   .Rproj.user/99627C60/console06/CE793CD[0m[0K
        [0;32mnew file:   .Rproj.user/99627C60/console06/INDEX001[0m[0K
        [0;32mnew file:   .Rproj.user/99627C60/sources/prop/91F8F54D[0m[0K
        [0;32mnew file:   .Rproj.user/99627C60/sources/prop/INDEX[0m[0K
        [0;32mnew file:   .Rproj.user/99627C60/sources/s-BD003BE2/2F560EA3[0m[0K
        [0;32mnew file:   .Rproj.user/99627C60/sources/s-BD003BE2/2F560EA3-contents[0m[0K
        [0;32mnew file:   .Rproj.user/99627C60/sources/s-BD003BE2/lock_file[0m[0K
        [0;32mnew file:   .Rproj.user/shared/notebooks/patch-chunk-names[0m[0K
        [0;32mnew file:   .Rproj.user/shared/notebooks/paths[0m[0K
        [0;32mnew file:   Blog.Rproj[0m[0K
        [0;32mnew file:   config.toml[0m[0K
        [0;32mnew file:   content/about.md[0m[0K
        [0;32mnew file:   content/post/2015-01-01-lorem-ipsum.md[0m[0K
        [0;32mnew file:   content/post/2015-07-23-r-rmarkdown.Rmd[0m[0K
        [0;32mnew file:   content/post/2015-07-23-r-rmarkdown.html[0m[0K
        [0;32mnew file:   content/post/2016-12-30-hello-markdown.md[0m[0K
        [0;32mnew file:   index.Rmd[0m[0K
        [0;32mnew file:   public/.gitkeep[0m[0K
        [0;32mnew file:   public/2015/01/01/lorem-ipsum/index.html[0m[0K
        [0;32mnew file:   public/2015/07/23/hello-r-markdown/index.html[0m[0K
        [0;32mnew file:   public/2016/12/30/a-plain-markdown-post/index.html[0m[0K
        [0;32mnew file:   public/about/index.html[0m[0K
        [0;32mnew file:   public/categories/index.html[0m[0K
        [0;32mnew file:   public/categories/index.xml[0m[0K
        [0;32mnew file:   public/categories/r/index.html[0m[0K
        [0;32mnew file:   public/categories/r/index.xml[0m[0K
        [0;32mnew file:   public/css/fonts.css[0m[0K
        [0;32mnew file:   public/css/main.css[0m[0K
        [0;32mnew file:   public/fonts/lato-v11-latin-regular.woff[0m[0K
        [0;32mnew file:   public/fonts/lato-v11-latin-regular.woff2[0m[0K
        [0;32mnew file:   public/fonts/merriweather-v13-latin-regular.woff[0m[0K
        [0;32mnew file:   public/fonts/merriweather-v13-latin-regular.woff2[0m[0K
        [0;32mnew file:   public/images/hugo-logo.png[0m[0K
        [0;32mnew file:   public/images/logo.png[0m[0K[9G[?25h[?25l
        [0;32mnew file:   public/index.html[0m[0K
        [0;32mnew file:   public/index.xml[0m[0K
        [0;32mnew file:   public/js/math-code.js[0m[0K
        [0;32mnew file:   public/post/2015-07-23-r-rmarkdown_files/figure-html/pie-1.png[0m[0K
        [0;32mnew file:   public/post/index.html[0m[0K
        [0;32mnew file:   public/post/index.xml[0m[0K
        [0;32mnew file:   public/sitemap.xml[0m[0K
        [0;32mnew file:   public/tags/index.html[0m[0K
        [0;32mnew file:   public/tags/index.xml[0m[0K
        [0;32mnew file:   public/tags/plot/index.html[0m[0K
        [0;32mnew file:   public/tags/plot/index.xml[0m[0K
        [0;32mnew file:   public/tags/r-markdown/index.html[0m[0K
        [0;32mnew file:   public/tags/r-markdown/index.xml[0m[0K
        [0;32mnew file:   public/tags/regression/index.html[0m[0K
        [0;32mnew file:   public/tags/regression/index.xml[0m[0K
        [0;32mnew file:   static/.gitkeep[0m[0K
        [0;32mnew file:   static/post/2015-07-23-r-rmarkdown_files/figure-html/pie-1.png[0m[0K
        [0;32mnew file:   themes/hugo-lithium-theme/.gitignore[0m[0K
        [0;32mnew file:   themes/hugo-lithium-theme/LICENSE.md[0m[0K
        [0;32mnew file:   themes/hugo-lithium-theme/README.md[0m[0K
        [0;32mnew file:   themes/hugo-lithium-theme/archetypes/default.md[0m[0K
        [0;32mnew file:   themes/hugo-lithium-theme/exampleSite/config.toml[0m[0K
        [0;32mnew file:   themes/hugo-lithium-theme/exampleSite/content/about.md[0m[0K
        [0;32mnew file:   themes/hugo-lithium-theme/exampleSite/content/post/2015-01-01-lorem-ipsum.md[0m[0K
        [0;32mnew file:   themes/hugo-lithium-theme/exampleSite/content/post/2016-12-30-hello-markdown.md[0m[0K
        [0;32mnew file:   themes/hugo-lithium-theme/exampleSite/static/.gitkeep[0m[0K
        [0;32mnew file:   themes/hugo-lithium-theme/hugo-lithium-theme.Rproj[0m[0K
        [0;32mnew file:   themes/hugo-lithium-theme/layouts/_default/list.html[0m[0K
        [0;32mnew file:   themes/hugo-lithium-theme/layouts/_default/single.html[0m[0K
        [0;32mnew file:   themes/hugo-lithium-theme/layouts/partials/disqus.html[0m[0K
        [0;32mnew file:   themes/hugo-lithium-theme/layouts/partials/footer.html[0m[0K
        [0;32mnew file:   themes/hugo-lithium-theme/layouts/partials/footer_highlightjs.html[0m[0K
        [0;32mnew file:   themes/hugo-lithium-theme/layouts/partials/footer_mathjax.html[0m[0K
        [0;32mnew file:   themes/hugo-lithium-theme/layouts/partials/head.html[0m[0K
        [0;32mnew file:   themes/hugo-lithium-theme/layouts/partials/head_custom.html[0m[0K
        [0;32mnew file:   themes/hugo-lithium-theme/layouts/partials/head_highlightjs.html[0m[0K
        [0;32mnew file:   themes/hugo-lithium-theme/layouts/partials/header.html[0m[0K
        [0;32mnew file:   themes/hugo-lithium-theme/layouts/partials/nav.html[0m[0K
        [0;32mnew file:   themes/hugo-lithium-theme/static/css/fonts.css[0m[0K
        [0;32mnew file:   themes/hugo-lithium-theme/static/css/main.css[0m[0K
        [0;32mnew file:   themes/hugo-lithium-theme/static/fonts/lato-v11-latin-regular.woff[0m[0K
        [0;32mnew file:   themes/hugo-lithium-theme/static/fonts/lato-v11-latin-regular.woff2[0m[0K
        [0;32mnew file:   themes/hugo-lithium-theme/static/fonts/merriweather-v13-latin-regular.woff[0m[0K
        [0;32mnew file:   themes/hugo-lithium-theme/static/fonts/merriweather-v13-latin-regular.woff2[0m[0K
        [0;32mnew file:   themes/hugo-lithium-theme/static/images/hugo-logo.png[0m[0K
        [0;32mnew file:   themes/hugo-lithium-theme/static/images/logo.png[0m[0K
        [0;32mnew file:   themes/hugo-lithium-theme/static/js/math-code.js[0m[0K
[0K
Changes not staged for commit:[0K
  (use "git add <file>..." to update what will be committed)[0K
  (use "git checkout -- <file>..." to discard changes in working directory)[0K
[0K
        [0;31mmodified:   .Rproj.user/99627C60/console06/CE793CD[0m[0K
[0K
[0K[?25h[?25l
[0;32muser@DESKTOP-0BRBO9T [0;35m [0;33m~/Documents/Blog[0;36m (master)[0m[0K
$[0K[3G[?25h[?25l$ g[0K[?25hi[0Kt[0K[7G[?25l$ git c[0K[?25ho[0Km[0Km[0Ki[0K[?25lt[0K[12G[?25h[13G[14G[?25l$ git commit -[0K[?25hm[0K[17G[?25l$ git commit -m "[0K[?25hg[0Ki[0K[?25l$ git commit -m "g[0K[?25h[?25l$ git commit -m "[0K[?25h[?25lf[0K[18G[?25h[19G[?25l$ git commit -m "fi[0K[?25hr[0Ks[0Kt[0K[24G[?25l$ git commit -m "first c[0K[?25hm[0K[?25l$ git commit -m "first c[0K[26G[?25h[25G[?25l$ git commit -m "first co[0K[?25hm[0Km[0Ki[0Kt[0K"[0K[?25l
[0K[?25h[master (root-commit) b12b5a3] first commit[0K[?25l
 81 files changed, 2962 insertions(+)[0K
 create mode 100644 .Rproj.user/99627C60/console06/CE793CD[0K
 create mode 100644 .Rproj.user/99627C60/console06/INDEX001[0K
 create mode 100644 .Rproj.user/99627C60/sources/prop/91F8F54D[0K
 create mode 100644 .Rproj.user/99627C60/sources/prop/INDEX[0K
 create mode 100644 .Rproj.user/99627C60/sources/s-BD003BE2/2F560EA3[0K
 create mode 100644 .Rproj.user/99627C60/sources/s-BD003BE2/2F560EA3-contents[0K
 create mode 100644 .Rproj.user/99627C60/sources/s-BD003BE2/lock_file[0K
 create mode 100644 .Rproj.user/shared/notebooks/patch-chunk-names[0K
 create mode 100644 .Rproj.user/shared/notebooks/paths[0K
 create mode 100644 Blog.Rproj[0K
 create mode 100644 config.toml[0K
 create mode 100644 content/about.md[0K
 create mode 100644 content/post/2015-01-01-lorem-ipsum.md[0K
 create mode 100644 content/post/2015-07-23-r-rmarkdown.Rmd[0K
 create mode 100644 content/post/2015-07-23-r-rmarkdown.html[0K
 create mode 100644 content/post/2016-12-30-hello-markdown.md[0K
 create mode 100644 index.Rmd[0K
 create mode 100644 public/.gitkeep[0K
 create mode 100644 public/2015/01/01/lorem-ipsum/index.html[0K
 create mode 100644 public/2015/07/23/hello-r-markdown/index.html[0K
 create mode 100644 public/2016/12/30/a-plain-markdown-post/index.html[0K
 create mode 100644 public/about/index.html[0K
 create mode 100644 public/categories/index.html[0K
 create mode 100644 public/categories/index.xml[0K
 create mode 100644 public/categories/r/index.html[0K
 create mode 100644 public/categories/r/index.xml[0K
 create mode 100644 public/css/fonts.css[0K
 create mode 100644 public/css/main.css[0K
 create mode 100644 public/fonts/lato-v11-latin-regular.woff[0K
 create mode 100644 public/fonts/lato-v11-latin-regular.woff2[0K
 create mode 100644 public/fonts/merriweather-v13-latin-regular.woff[0K
 create mode 100644 public/fonts/merriweather-v13-latin-regular.woff2[0K
 create mode 100644 public/images/hugo-logo.png[0K
 create mode 100644 public/images/logo.png[0K
 create mode 100644 public/index.html[0K
 create mode 100644 public/index.xml[0K
 create mode 100644 public/js/math-code.js[0K
 create mode 100644 public/post/2015-07-23-r-rmarkdown_files/figure-html/pie-1.png[0K
 create mode 100644 public/post/index.html[0K
 create mode 100644 public/post/index.xml[0K
 create mode 100644 public/sitemap.xml[0K
 create mode 100644 public/tags/index.html[0K
 create mode 100644 public/tags/index.xml[0K
 create mode 100644 public/tags/plot/index.html[0K
 create mode 100644 public/tags/plot/index.xml[0K
 create mode 100644 public/tags/r-markdown/index.html[0K
 create mode 100644 public/tags/r-markdown/index.xml[0K
 create mode 100644 public/tags/regression/index.html[0K
 create mode 100644 public/tags/regression/index.xml[0K
 create mode 100644 static/.gitkeep[0K
 create mode 100644 static/post/2015-07-23-r-rmarkdown_files/figure-html/pie-1.png[0K
 create mode 100644 themes/hugo-lithium-theme/.gitignore[0K
 create mode 100644 themes/hugo-lithium-theme/LICENSE.md[0K
 create mode 100644 themes/hugo-lithium-theme/README.md[0K
 create mode 100644 themes/hugo-lithium-theme/archetypes/default.md[0K
 create mode 100644 themes/hugo-lithium-theme/exampleSite/config.toml[0K
 create mode 100644 themes/hugo-lithium-theme/exampleSite/content/about.md[0K
 create mode 100644 themes/hugo-lithium-theme/exampleSite/content/post/2015-01-01-lorem-ipsum.md[0K
 create mode 100644 themes/hugo-lithium-theme/exampleSite/content/post/2016-12-30-hello-markdown.md[0K
 create mode 100644 themes/hugo-lithium-theme/exampleSite/static/.gitkeep[0K
 create mode 100644 themes/hugo-lithium-theme/hugo-lithium-theme.Rproj[0K
 create mode 100644 themes/hugo-lithium-theme/layouts/_default/list.html[0K
 create mode 100644 themes/hugo-lithium-theme/layouts/_default/single.html[0K
 create mode 100644 themes/hugo-lithium-theme/layouts/partials/disqus.html[0K
 create mode 100644 themes/hugo-lithium-theme/layouts/partials/footer.html[0K
 create mode 100644 themes/hugo-lithium-theme/layouts/partials/footer_highlightjs.html[0K
 create mode 100644 themes/hugo-lithium-theme/layouts/partials/footer_mathjax.html[0K
 create mode 100644 themes/hugo-lithium-theme/layouts/partials/head.html[0K
 create mode 100644 themes/hugo-lithium-theme/layouts/partials/head_custom.html[0K
 create mode 100644 themes/hugo-lithium-theme/layouts/partials/head_highlightjs.html[0K
 create mode 100644 themes/hugo-lithium-theme/layouts/partials/header.html[0K
 create mode 100644 themes/hugo-lithium-theme/layouts/partials/nav.html[0K
 create mode 100644 themes/hugo-lithium-theme/static/css/fonts.css[0K
 create mode 100644 themes/hugo-lithium-theme/static/css/main.css[0K
 create mode 100644 themes/hugo-lithium-theme/static/fonts/lato-v11-latin-regular.woff[0K
 create mode 100644 themes/hugo-lithium-theme/static/fonts/lato-v11-latin-regular.woff2[0K
 create mode 100644 themes/hugo-lithium-theme/static/fonts/merriweather-v13-latin-regular.woff[0K
 create mode 100644 themes/hugo-lithium-theme/static/fonts/merriweather-v13-latin-regular.woff2[0K
 create mode 100644 themes/hugo-lithium-theme/static/images/hugo-logo.png[0K
 create mode 100644 themes/hugo-lithium-theme/static/images/logo.png[0K
 create mode 100644 themes/hugo-lithium-theme/static/js/math-code.js[0K
[0K[?25h[?25l
[0;32muser@DESKTOP-0BRBO9T [0;35m [0;33m~/Documents/Blog[0;36m (master)[0m[0K
$[0K[3G[?25h[?25l$ g[0K[?25hi[0Kt[0K[7G[?25l$ git s[0K[?25ht[0Ka[0K[?25lt[0K[10G[?25h[11G[?25l$ git statu[0K[?25hs[0K[?25l
[0K[?25hOn branch master[0K[?25l
Changes not staged for commit:[0K
  (use "git add <file>..." to update what will be committed)[0K
  (use "git checkout -- <file>..." to discard changes in working directory)[0K
[0K
        [0;31mmodified:   .Rproj.user/99627C60/console06/CE793CD[0m[0K
[0K
no changes added to commit (use "git add" and/or "git commit -a")[0K
[0K[?25h[?25l
[0;32muser@DESKTOP-0BRBO9T [0;35m [0;33m~/Documents/Blog[0;36m (master)[0m[0K
$[0K[3G[?25h[?25l$ g[0K[?25hi[0Kt[0K[7G[?25l$ git p[0K[?25hu[0Ks[0Kh[0K[12G[?25l$ git push -[0K[12G[?25h[13G[?25l$ git push -u[0K[?25h[15G[?25l$ git push -u r[0K[?25h[?25l$ git push -u[0K[15G[?25h[?25l$ git push -u o[0K[?25hr[0Ki[0Kg[0Ki[0Kn[0K[22G[?25l$ git push -u origin m[0K[?25ha[0Ks[0Kt[0Ke[0Kr[0K[29G[28G[?25l
[0K[?25hCounting objects: 112, done.[0K[?25l
Delta compression using up to 8 threads.[0K
Compressing objects: 100% (89/89), done.[0K[1G[?25h[?25l
Writing objects: 100% (112/112), 135.81 KiB | 9.70 MiB/s, done.[0K
Total 112 (delta 18), reused 0 (delta 0)[0K
[0K[?25hremote: Resolving deltas: 100% (18/18), done.[0K[?25l
[0K[?25hTo https://github.com/laziob/blog.git[0K[?25l
 * [new branch]      master -> master[0K
Branch 'master' set up to track remote branch 'master' from 'origin'.[0K
[0K[?25h[?25l
[0;32muser@DESKTOP-0BRBO9T [0;35m [0;33m~/Documents/Blog[0;36m (master)[0m[0K
$[0K[3G[?25h[?25l$ g[0K[3G[?25h[4G[?25l$ gi[0K[?25ht[0K[7G[6G[?25l$ gi[0K[?25h[?25l$ g[0K[?25h[?25l$[0K[3G[?25h[?25l$ git submodule add[0K[?25h[21G[?25l$ git submodule add https://github.com/jpescador/hugo-future-imperfect[0K[?25h.[0Kg[0Ki[0Kt[0K[76G[?25l$ git submodule add https://github.com/jpescador/hugo-future-imperfect.git t[0K[?25hh[0Ke[0Km[0Ke[0Ks[0K/[0Khu[0Kg[0Ko[0K[?25l-[0K[87G[?25h[88G[?25l$ git submodule add https://github.com/jpescador/hugo-future-imperfect.git themes/hugo-f[0K[?25hu[0Kt[0Ku[0Kr[0Ke[0K-[0Ki[0Km[0Kp[0Ke[0K[?25lr[0K[99G[?25h[100G[?25l$ git submodule add https://github.com/jpescador/hugo-future-imperfect.git themes/hugo-future-imperf[0K[?25he[0Kc[0Kt[0K[?25l
[0K[?25hCloning into 'C:/Users/user/Documents/Blog/themes/hugo-future-imperfect'...[0K[?25l
[0K[?25hremote: Counting objects: 1369, done.[0K[?25l
[0K[?25h[?25lReceiving objects:   3% (42/1369)[0K[1G[?25h[?25lReceiving objects:   7% (96/1369)[0K[1G[?25h[?25lReceiving objects:  16% (220/1369)[0K[1G[?25h[?25lReceiving objects:  20% (274/1369), 196.01 KiB | 315.00 KiB/s[0K[1G[?25h[?25lReceiving objects:  34% (466/1369), 196.01 KiB | 315.00 KiB/s[0K[1G[?25h[?25lReceiving objects:  36% (493/1369), 196.01 KiB | 315.00 KiB/s[0K[1G[?25h[?25lReceiving objects:  36% (496/1369), 196.01 KiB | 315.00 KiB/s[0K[1G[?25h[?25lReceiving objects:  37% (507/1369), 884.01 KiB | 792.00 KiB/s[0K[1G[?25h[?25lReceiving objects:  64% (877/1369), 884.01 KiB | 792.00 KiB/s[0K[1G[?25h[?25lReceiving objects:  93% (1274/1369), 884.01 KiB | 792.00 KiB/s[0K[1G[?25h[?25lReceiving objects:  97% (1328/1369), 884.01 KiB | 792.00 KiB/s[0K[1G[?25h[?25lReceiving objects:  98% (1342/1369), 884.01 KiB | 792.00 KiB/s[0K[1G[?25h[?25lReceiving objects:  99% (1356/1369), 884.01 KiB | 792.00 KiB/s[0K[1G[?25hremote: Total 1369 (delta 0), reused 0 (delta 0), pack-reused 1369[0K[?25l
Receiving objects: 100% (1369/1369), 4.37 MiB | 2.82 MiB/s, done.[0K
Resolving deltas:  51% (400/784)[0K[1G[?25hResolving deltas: 100% (784/784), done.[0K[?25l
[0K[?25hwarning: LF will be replaced by CRLF in .gitmodules.[0K[?25l
The file will have its original line endings in your working directory.[0K
[0K[?25h[?25l
[0;32muser@DESKTOP-0BRBO9T [0;35m [0;33m~/Documents/Blog[0;36m (master)[0m[0K
$[0K[3G[?25h[?25l$ g[0K[?25hi[0Kt[0K[7G[?25l$ git s[0K[?25hu[0Kb[0Km[0Ko[0Kd[0K[?25lu[0K[13G[?25h[14G[?25l$ git submodul[0K[?25he[0K[17G[?25l$ git submodule i[0K[?25hn[0Ki[0Kt[0K[?25l
[0K[?25h[?25l
[0;32muser@DESKTOP-0BRBO9T [0;35m [0;33m~/Documents/Blog[0;36m (master)[0m[0K
$[0K[3G[?25h[?25l$ g[0K[?25hi[0Kt[0K[7G[?25l$ git s[0K[?25hu[0Kb[0Km[0Ko[0Kd[0Ku[0Kl[0Ke[0K[17G[?25l$ git submodule u[0K[?25hp[0Kd[0Ka[0Kt[0Ke[0K[?25l
[0K[?25h[?25l
[0;32muser@DESKTOP-0BRBO9T [0;35m [0;33m~/Documents/Blog[0;36m (master)[0m[0K
$[0K[3G[?25h[?25l$ p[0K[?25hu[0Kb[0K[?25ll[0K[6G[?25h[7G[?25l$ pub[0K[?25h[?25l$ pu[0K[?25h[?25l$ p[0K[?25h[?25l$[0K[3G[?25h[?25l$ g[0K[?25hi[0Kt[0K[7G[?25l$ git s[0K[?25ht[0Ka[0Kt[0Ku[0Ks[0K[?25l
[0K[?25hOn branch master[0K[?25l
Your branch is up to date with 'origin/master'.[0K
[0K
Changes to be committed:[0K
  (use "git reset HEAD <file>..." to unstage)[0K
[0K
        [0;32mnew file:   .gitmodules[0m[0K
        [0;32mnew file:   themes/hugo-future-imperfect[0m[0K
[0K
Changes not staged for commit:[0K
  (use "git add/rm <file>..." to update what will be committed)[0K
  (use "git checkout -- <file>..." to discard changes in working directory)[0K
[0K
        [0;31mmodified:   .Rproj.user/99627C60/console06/CE793CD[0m[0K
        [0;31mmodified:   .Rproj.user/99627C60/sources/prop/INDEX[0m[0K
        [0;31mmodified:   .Rproj.user/shared/notebooks/paths[0m[0K
        [0;31mmodified:   config.toml[0m[0K
        [0;31mdeleted:    index.Rmd[0m[0K
        [0;31mmodified:   public/about/index.html[0m[0K
        [0;31mmodified:   public/categories/index.html[0m[0K
        [0;31mmodified:   public/categories/index.xml[0m[0K
        [0;31mmodified:   public/categories/r/index.html[0m[0K
        [0;31mmodified:   public/categories/r/index.xml[0m[0K
        [0;31mmodified:   public/css/main.css[0m[0K
        [0;31mmodified:   public/index.html[0m[0K
        [0;31mmodified:   public/index.xml[0m[0K
        [0;31mmodified:   public/post/index.html[0m[0K
        [0;31mmodified:   public/post/index.xml[0m[0K
        [0;31mmodified:   public/sitemap.xml[0m[0K
        [0;31mmodified:   public/tags/index.html[0m[0K
        [0;31mmodified:   public/tags/index.xml[0m[0K
        [0;31mmodified:   public/tags/plot/index.html[0m[0K
        [0;31mmodified:   public/tags/plot/index.xml[0m[0K
        [0;31mmodified:   public/tags/r-markdown/index.html[0m[0K
        [0;31mmodified:   public/tags/r-markdown/index.xml[0m[0K
        [0;31mmodified:   public/tags/regression/index.html[0m[0K
        [0;31mmodified:   public/tags/regression/index.xml[0m[0K
[0K
Untracked files:[0K
  (use "git add <file>..." to include in what will be committed)[0K
[0K
        [0;31m.Rproj.user/99627C60/sources/prop/2A1E047C[0m[0K
        [0;31m.Rproj.user/99627C60/sources/prop/F305587[0m[0K
        [0;31m.Rproj.user/99627C60/sources/s-BD003BE2/1CF4C66-contents[0m[0K
        [0;31m.Rproj.user/99627C60/sources/s-BD003BE2/7669761A-contents[0m[0K
        [0;31m.Rproj.user/99627C60/sources/s-BD003BE2/EFBCDC69[0m[0K
        [0;31m.Rproj.user/99627C60/sources/s-BD003BE2/EFBCDC69-contents[0m[0K
        [0;31m_index.md[0m[0K
        [0;31mcontent/about/[0m[0K
        [0;31mcontent/blog/[0m[0K
        [0;31mcontent/contact/[0m[0K
        [0;31mcontent/itemized/[0m[0K
        [0;31mdata/[0m[0K
        [0;31mpublic/404.html[0m[0K
        [0;31mpublic/about/index.xml[0m[0K
        [0;31mpublic/blog/[0m[0K
        [0;31mpublic/categories/go/[0m[0K
        [0;31mpublic/categories/hugo/[0m[0K
        [0;31mpublic/categories/jekyll/[0m[0K
        [0;31mpublic/categories/page/[0m[0K
        [0;31mpublic/categories/r/page/[0m[0K
        [0;31mpublic/contact/[0m[0K
        [0;31mpublic/css/academicons.min.css[0m[0K
        [0;31mpublic/css/add-on.css[0m[0K
        [0;31mpublic/fonts/academicons.eot[0m[0K
        [0;31mpublic/fonts/academicons.svg[0m[0K
        [0;31mpublic/fonts/academicons.ttf[0m[0K
        [0;31mpublic/fonts/academicons.woff[0m[0K
        [0;31mpublic/img/[0m[0K
        [0;31mpublic/itemized/[0m[0K
        [0;31mpublic/js/add-on.js[0m[0K
        [0;31mpublic/js/backToTop.js[0m[0K
        [0;31mpublic/js/main.js[0m[0K
        [0;31mpublic/js/util.js[0m[0K
        [0;31mpublic/post/2015-01-01-lorem-ipsum/[0m[0K
        [0;31mpublic/post/2015-07-23-r-rmarkdown.Rmd[0m[0K
        [0;31mpublic/post/2015-07-23-r-rmarkdown/[0m[0K
        [0;31mpublic/post/2016-12-30-hello-markdown/[0m[0K
        [0;31mpublic/post/page/[0m[0K
        [0;31mpublic/tags/plot/page/[0m[0K
        [0;31mpublic/tags/r-markdown/page/[0m[0K
        [0;31mpublic/tags/regression/page/[0m[0K
        [0;31mpublic/tags/tutorial/[0m[0K
        [0;31mstatic/css/[0m[0K
        [0;31mstatic/img/[0m[0K
        [0;31mstatic/js/[0m[0K
[0K
[0K[?25h[?25l
[0;32muser@DESKTOP-0BRBO9T [0;35m [0;33m~/Documents/Blog[0;36m (master)[0m[0K
$[0K[3G[?25h[?25l$ g[0K[?25hi[0Kt[0K[7G[?25l$ git a[0K[?25hd[0Kd[0K[11G[?25l$ git add .[0K[?25h[?25l
[0K[?25h